------------------------------------------------------------
TimeQuest Timing Analyzer Summary
------------------------------------------------------------

Type  : Slow 1200mV 85C Model Setup 'upll|altpll_component|auto_generated|pll1|clk[0]'
Slack : -18.315
TNS   : -859.737

Type  : Slow 1200mV 85C Model Setup 'clk_div:uclkVF|clk_out_bi'
Slack : -3.371
TNS   : -125.905

Type  : Slow 1200mV 85C Model Setup 'clk_div:u1|clk_out_bi'
Slack : -3.305
TNS   : -200.822

Type  : Slow 1200mV 85C Model Hold 'upll|altpll_component|auto_generated|pll1|clk[0]'
Slack : -0.209
TNS   : -0.209

Type  : Slow 1200mV 85C Model Hold 'clk_div:u1|clk_out_bi'
Slack : 0.223
TNS   : 0.000

Type  : Slow 1200mV 85C Model Hold 'clk_div:uclkVF|clk_out_bi'
Slack : 0.361
TNS   : 0.000

Type  : Slow 1200mV 85C Model Recovery 'clk_div:uclkVF|clk_out_bi'
Slack : -1.746
TNS   : -70.303

Type  : Slow 1200mV 85C Model Recovery 'clk_div:u1|clk_out_bi'
Slack : -1.571
TNS   : -89.245

Type  : Slow 1200mV 85C Model Recovery 'upll|altpll_component|auto_generated|pll1|clk[0]'
Slack : 5.432
TNS   : 0.000

Type  : Slow 1200mV 85C Model Removal 'clk_div:u1|clk_out_bi'
Slack : 0.467
TNS   : 0.000

Type  : Slow 1200mV 85C Model Removal 'clk_div:uclkVF|clk_out_bi'
Slack : 0.622
TNS   : 0.000

Type  : Slow 1200mV 85C Model Removal 'upll|altpll_component|auto_generated|pll1|clk[0]'
Slack : 2.021
TNS   : 0.000

Type  : Slow 1200mV 85C Model Minimum Pulse Width 'clk_div:u1|clk_out_bi'
Slack : -1.000
TNS   : -113.000

Type  : Slow 1200mV 85C Model Minimum Pulse Width 'clk_div:uclkVF|clk_out_bi'
Slack : -1.000
TNS   : -42.000

Type  : Slow 1200mV 85C Model Minimum Pulse Width 'upll|altpll_component|auto_generated|pll1|clk[0]'
Slack : 9.121
TNS   : 0.000

Type  : Slow 1200mV 85C Model Minimum Pulse Width 'CLOCK_50'
Slack : 9.835
TNS   : 0.000

Type  : Slow 1200mV 0C Model Setup 'upll|altpll_component|auto_generated|pll1|clk[0]'
Slack : -16.405
TNS   : -769.186

Type  : Slow 1200mV 0C Model Setup 'clk_div:uclkVF|clk_out_bi'
Slack : -2.841
TNS   : -106.044

Type  : Slow 1200mV 0C Model Setup 'clk_div:u1|clk_out_bi'
Slack : -2.818
TNS   : -170.322

Type  : Slow 1200mV 0C Model Hold 'upll|altpll_component|auto_generated|pll1|clk[0]'
Slack : -0.275
TNS   : -0.275

Type  : Slow 1200mV 0C Model Hold 'clk_div:u1|clk_out_bi'
Slack : 0.219
TNS   : 0.000

Type  : Slow 1200mV 0C Model Hold 'clk_div:uclkVF|clk_out_bi'
Slack : 0.320
TNS   : 0.000

Type  : Slow 1200mV 0C Model Recovery 'clk_div:uclkVF|clk_out_bi'
Slack : -1.585
TNS   : -63.445

Type  : Slow 1200mV 0C Model Recovery 'clk_div:u1|clk_out_bi'
Slack : -1.466
TNS   : -83.666

Type  : Slow 1200mV 0C Model Recovery 'upll|altpll_component|auto_generated|pll1|clk[0]'
Slack : 5.816
TNS   : 0.000

Type  : Slow 1200mV 0C Model Removal 'clk_div:u1|clk_out_bi'
Slack : 0.553
TNS   : 0.000

Type  : Slow 1200mV 0C Model Removal 'clk_div:uclkVF|clk_out_bi'
Slack : 0.660
TNS   : 0.000

Type  : Slow 1200mV 0C Model Removal 'upll|altpll_component|auto_generated|pll1|clk[0]'
Slack : 1.836
TNS   : 0.000

Type  : Slow 1200mV 0C Model Minimum Pulse Width 'clk_div:u1|clk_out_bi'
Slack : -1.000
TNS   : -113.000

Type  : Slow 1200mV 0C Model Minimum Pulse Width 'clk_div:uclkVF|clk_out_bi'
Slack : -1.000
TNS   : -42.000

Type  : Slow 1200mV 0C Model Minimum Pulse Width 'upll|altpll_component|auto_generated|pll1|clk[0]'
Slack : 9.118
TNS   : 0.000

Type  : Slow 1200mV 0C Model Minimum Pulse Width 'CLOCK_50'
Slack : 9.818
TNS   : 0.000

Type  : Fast 1200mV 0C Model Setup 'upll|altpll_component|auto_generated|pll1|clk[0]'
Slack : -10.502
TNS   : -493.187

Type  : Fast 1200mV 0C Model Setup 'clk_div:uclkVF|clk_out_bi'
Slack : -1.530
TNS   : -55.406

Type  : Fast 1200mV 0C Model Setup 'clk_div:u1|clk_out_bi'
Slack : -1.492
TNS   : -74.465

Type  : Fast 1200mV 0C Model Hold 'upll|altpll_component|auto_generated|pll1|clk[0]'
Slack : -0.118
TNS   : -0.118

Type  : Fast 1200mV 0C Model Hold 'clk_div:u1|clk_out_bi'
Slack : 0.022
TNS   : 0.000

Type  : Fast 1200mV 0C Model Hold 'clk_div:uclkVF|clk_out_bi'
Slack : 0.194
TNS   : 0.000

Type  : Fast 1200mV 0C Model Recovery 'clk_div:uclkVF|clk_out_bi'
Slack : -1.053
TNS   : -42.095

Type  : Fast 1200mV 0C Model Recovery 'clk_div:u1|clk_out_bi'
Slack : -0.952
TNS   : -53.236

Type  : Fast 1200mV 0C Model Recovery 'upll|altpll_component|auto_generated|pll1|clk[0]'
Slack : 6.970
TNS   : 0.000

Type  : Fast 1200mV 0C Model Removal 'clk_div:u1|clk_out_bi'
Slack : 0.190
TNS   : 0.000

Type  : Fast 1200mV 0C Model Removal 'clk_div:uclkVF|clk_out_bi'
Slack : 0.258
TNS   : 0.000

Type  : Fast 1200mV 0C Model Removal 'upll|altpll_component|auto_generated|pll1|clk[0]'
Slack : 1.108
TNS   : 0.000

Type  : Fast 1200mV 0C Model Minimum Pulse Width 'clk_div:u1|clk_out_bi'
Slack : -1.000
TNS   : -113.000

Type  : Fast 1200mV 0C Model Minimum Pulse Width 'clk_div:uclkVF|clk_out_bi'
Slack : -1.000
TNS   : -42.000

Type  : Fast 1200mV 0C Model Minimum Pulse Width 'upll|altpll_component|auto_generated|pll1|clk[0]'
Slack : 9.146
TNS   : 0.000

Type  : Fast 1200mV 0C Model Minimum Pulse Width 'CLOCK_50'
Slack : 9.587
TNS   : 0.000

------------------------------------------------------------
