------------------------------------------------------------
TimeQuest Timing Analyzer Summary
------------------------------------------------------------

Type  : Slow 1200mV 85C Model Setup 'upll|altpll_component|auto_generated|pll1|clk[0]'
Slack : 5.605
TNS   : 0.000

Type  : Slow 1200mV 85C Model Hold 'upll|altpll_component|auto_generated|pll1|clk[0]'
Slack : 0.357
TNS   : 0.000

Type  : Slow 1200mV 85C Model Recovery 'upll|altpll_component|auto_generated|pll1|clk[0]'
Slack : 5.954
TNS   : 0.000

Type  : Slow 1200mV 85C Model Removal 'upll|altpll_component|auto_generated|pll1|clk[0]'
Slack : 10.264
TNS   : 0.000

Type  : Slow 1200mV 85C Model Minimum Pulse Width 'upll|altpll_component|auto_generated|pll1|clk[0]'
Slack : 9.120
TNS   : 0.000

Type  : Slow 1200mV 85C Model Minimum Pulse Width 'CLOCK_50'
Slack : 9.835
TNS   : 0.000

Type  : Slow 1200mV 0C Model Setup 'upll|altpll_component|auto_generated|pll1|clk[0]'
Slack : 6.007
TNS   : 0.000

Type  : Slow 1200mV 0C Model Hold 'upll|altpll_component|auto_generated|pll1|clk[0]'
Slack : 0.311
TNS   : 0.000

Type  : Slow 1200mV 0C Model Recovery 'upll|altpll_component|auto_generated|pll1|clk[0]'
Slack : 6.341
TNS   : 0.000

Type  : Slow 1200mV 0C Model Removal 'upll|altpll_component|auto_generated|pll1|clk[0]'
Slack : 10.166
TNS   : 0.000

Type  : Slow 1200mV 0C Model Minimum Pulse Width 'upll|altpll_component|auto_generated|pll1|clk[0]'
Slack : 9.118
TNS   : 0.000

Type  : Slow 1200mV 0C Model Minimum Pulse Width 'CLOCK_50'
Slack : 9.818
TNS   : 0.000

Type  : Fast 1200mV 0C Model Setup 'upll|altpll_component|auto_generated|pll1|clk[0]'
Slack : 7.154
TNS   : 0.000

Type  : Fast 1200mV 0C Model Hold 'upll|altpll_component|auto_generated|pll1|clk[0]'
Slack : 0.186
TNS   : 0.000

Type  : Fast 1200mV 0C Model Recovery 'upll|altpll_component|auto_generated|pll1|clk[0]'
Slack : 7.276
TNS   : 0.000

Type  : Fast 1200mV 0C Model Removal 'upll|altpll_component|auto_generated|pll1|clk[0]'
Slack : 9.871
TNS   : 0.000

Type  : Fast 1200mV 0C Model Minimum Pulse Width 'upll|altpll_component|auto_generated|pll1|clk[0]'
Slack : 9.147
TNS   : 0.000

Type  : Fast 1200mV 0C Model Minimum Pulse Width 'CLOCK_50'
Slack : 9.587
TNS   : 0.000

------------------------------------------------------------
